Launching lib\main.dart on itel A665L in debug mode...
Running Gradle task 'assembleDebug'...                          

C:\xampp\htdocs\VERA\veras\android>if "Windows_NT" == "Windows_NT" setlocal

C:\xampp\htdocs\VERA\veras\android>set DEFAULT_JVM_OPTS= 

C:\xampp\htdocs\VERA\veras\android>set DIRNAME=C:\xampp\htdocs\VERA\veras\android\ 

C:\xampp\htdocs\VERA\veras\android>if "C:\xampp\htdocs\VERA\veras\android\" == "" set DIRNAME=. 

C:\xampp\htdocs\VERA\veras\android>set APP_BASE_NAME=gradlew 

C:\xampp\htdocs\VERA\veras\android>set APP_HOME=C:\xampp\htdocs\VERA\veras\android\ 

C:\xampp\htdocs\VERA\veras\android>if defined JAVA_HOME goto findJavaFromJavaHome 

C:\xampp\htdocs\VERA\veras\android>set JAVA_HOME=C:\Program Files\Eclipse Adoptium\jdk-17.0.18.8-hotspot 

C:\xampp\htdocs\VERA\veras\android>set JAVA_EXE=C:\Program Files\Eclipse Adoptium\jdk-17.0.18.8-hotspot/bin/java.exe 

C:\xampp\htdocs\VERA\veras\android>if exist "C:\Program Files\Eclipse Adoptium\jdk-17.0.18.8-hotspot/bin/java.exe" goto init 

C:\xampp\htdocs\VERA\veras\android>if not "Windows_NT" == "Windows_NT" goto win9xME_args 

C:\xampp\htdocs\VERA\veras\android>if "@eval[2+2]" == "4" goto 4NT_args 

C:\xampp\htdocs\VERA\veras\android>set CMD_LINE_ARGS= 

C:\xampp\htdocs\VERA\veras\android>set _SKIP=2 

C:\xampp\htdocs\VERA\veras\android>if "x-q" == "x" goto execute 

C:\xampp\htdocs\VERA\veras\android>set CMD_LINE_ARGS=-q -Ptarget-platform=android-arm64 -Ptarget=C:\xampp\htdocs\VERA\veras\lib\main.dart -Pbase-application-name=android.app.Application -Pdart-defines=RkxVVFRFUl9WRVJTSU9OPTMuNDEuNg==,RkxVVFRFUl9DSEFOTkVMPXN0YWJsZQ==,RkxVVFRFUl9HSVRfVVJMPWh0dHBzOi8vZ2l0aHViLmNvbS9mbHV0dGVyL2ZsdXR0ZXIuZ2l0,RkxVVFRFUl9GUkFNRVdPUktfUkVWSVNJT049ZGI1MGUyMDE2OA==,RkxVVFRFUl9FTkdJTkVfUkVWSVNJT049NDI1Y2ZiNTRkMA==,RkxVVFRFUl9EQVJUX1ZFUlNJT049My4xMS40 -Pdart-obfuscation=false -Ptrack-widget-creation=true -Ptree-shake-icons=false -Pfilesystem-scheme=org-dartlang-root assembleDebug 

C:\xampp\htdocs\VERA\veras\android>goto execute 

C:\xampp\htdocs\VERA\veras\android>set CLASSPATH=C:\xampp\htdocs\VERA\veras\android\\gradle\wrapper\gradle-wrapper.jar 

C:\xampp\htdocs\VERA\veras\android>"C:\Program Files\Eclipse Adoptium\jdk-17.0.18.8-hotspot/bin/java.exe"    "-Dorg.gradle.appname=gradlew" -classpath "C:\xampp\htdocs\VERA\veras\android\\gradle\wrapper\gradle-wrapper.jar" org.gradle.wrapper.GradleWrapperMain -q -Ptarget-platform=android-arm64 -Ptarget=C:\xampp\htdocs\VERA\veras\lib\main.dart -Pbase-application-name=android.app.Application -Pdart-defines=RkxVVFRFUl9WRVJTSU9OPTMuNDEuNg==,RkxVVFRFUl9DSEFOTkVMPXN0YWJsZQ==,RkxVVFRFUl9HSVRfVVJMPWh0dHBzOi8vZ2l0aHViLmNvbS9mbHV0dGVyL2ZsdXR0ZXIuZ2l0,RkxVVFRFUl9GUkFNRVdPUktfUkVWSVNJT049ZGI1MGUyMDE2OA==,RkxVVFRFUl9FTkdJTkVfUkVWSVNJT049NDI1Y2ZiNTRkMA==,RkxVVFRFUl9EQVJUX1ZFUlNJT049My4xMS40 -Pdart-obfuscation=false -Ptrack-widget-creation=true -Ptree-shake-icons=false -Pfilesystem-scheme=org-dartlang-root assembleDebug 
